// Jest Snapshot v1, https://goo.gl/fbAQLP

exports[`ContactsListPage component should render without throwing an error & match snapshot 1`] = `
<DocumentFragment>
  <div
    class="sc-bdnylx hRUlCE"
  >
    <div
      class="sc-gtssRu bLovyb"
    >
      <h1>
        MYCO
        <span
          aria-label="monkey"
          role="img"
        >
          üêí
        </span>
      </h1>
      <h2>
        My Contact List
      </h2>
    </div>
    <a
      class="sc-dlnjPT hGMcqv"
      href="/contacts"
    >
      <i
        class="fas fa-user-plus"
      />
    </a>
    <div
      class="sc-hKFyIo jetHVG"
    />
  </div>
</DocumentFragment>
`;
