// Jest Snapshot v1, https://goo.gl/fbAQLP

exports[`ContactPage component should render without throwing an error & match snapshot 1`] = `
<DocumentFragment>
  <div
    class="sc-bdnylx iFJVhQ"
  >
    <h1>
      ADD CONTACT
    </h1>
    <form
      class="sc-gtssRu WGoOk"
    >
      <div
        class="sc-dlnjPT cCFnob"
      >
        <label
          for="first_name"
        >
          First name
        </label>
        <input
          id="first_name"
          type="text"
          value=""
        />
      </div>
      <div
        class="sc-dlnjPT cCFnob"
      >
        <label
          for="last_name"
        >
          Last name
        </label>
        <input
          id="last_name"
          type="text"
          value=""
        />
      </div>
      <div
        class="sc-dlnjPT cCFnob"
      >
        <label
          for="email"
        >
          Email
        </label>
        <input
          id="email"
          type="text"
          value=""
        />
      </div>
      <div
        class="sc-dlnjPT cCFnob"
      >
        <label
          for="phone_number"
        >
          Phone number
        </label>
        <input
          id="phone_number"
          type="text"
          value=""
        />
      </div>
      <div>
        <a
          href="/"
        >
          <i
            class="fas fa-arrow-left"
          />
        </a>
        <button
          type="submit"
        >
          <i
            class="fas fa-user-plus"
          />
        </button>
      </div>
    </form>
  </div>
</DocumentFragment>
`;
